// Jest Snapshot v1, https://goo.gl/fbAQLP

exports[`StoryPromo Figure Container should render correctly 1`] = `
<ForwardRef
  ratio={35.294117647058826}
>
  <Img
    alt="Alt text for an image"
    height={null}
    src="https://ichef.bbci.co.uk/news/660/foobar.png"
    srcset={null}
    width={340}
  />
</ForwardRef>
`;
