// Jest Snapshot v1, https://goo.gl/fbAQLP

exports[`App should return rendered routes 1`] = `
<App
  bbcOrigin="https://www.bbc.co.uk"
  initialData={
    Object {
      "pageData": "Some initial data",
    }
  }
  location={
    Object {
      "pathname": "pathnameOne",
    }
  }
  routes={Array []}
>
  <h1>
    Some initial data
  </h1>
</App>
`;
