// Jest Snapshot v1, https://goo.gl/fbAQLP

exports[`FrontPageSection Container snapshots should render correctly for canonical 1`] = `
<section
  aria-labelledby="Top-Stories"
  role="region"
>
  <SectionLabel
    bar={true}
    dir="ltr"
    labelId="Top-Stories"
    script={
      Object {
        "atlas": Object {
          "groupA": Object {
            "fontSize": "78",
            "lineHeight": "84",
          },
          "groupB": Object {
            "fontSize": "96",
            "lineHeight": "104",
          },
          "groupD": Object {
            "fontSize": "140",
            "lineHeight": "148",
          },
        },
        "bodyCopy": Object {
          "groupA": Object {
            "fontSize": "15",
            "lineHeight": "20",
          },
          "groupB": Object {
            "fontSize": "16",
            "lineHeight": "22",
          },
          "groupD": Object {
            "fontSize": "16",
            "lineHeight": "22",
          },
        },
        "brevier": Object {
          "groupA": Object {
            "fontSize": "14",
            "lineHeight": "16",
          },
          "groupB": Object {
            "fontSize": "14",
            "lineHeight": "18",
          },
          "groupD": Object {
            "fontSize": "13",
            "lineHeight": "16",
          },
        },
        "canon": Object {
          "groupA": Object {
            "fontSize": "28",
            "lineHeight": "32",
          },
          "groupB": Object {
            "fontSize": "32",
            "lineHeight": "36",
          },
          "groupD": Object {
            "fontSize": "44",
            "lineHeight": "48",
          },
        },
        "doublePica": Object {
          "groupA": Object {
            "fontSize": "20",
            "lineHeight": "24",
          },
          "groupB": Object {
            "fontSize": "20",
            "lineHeight": "24",
          },
          "groupD": Object {
            "fontSize": "24",
            "lineHeight": "28",
          },
        },
        "elephant": Object {
          "groupA": Object {
            "fontSize": "60",
            "lineHeight": "64",
          },
          "groupB": Object {
            "fontSize": "78",
            "lineHeight": "84",
          },
          "groupD": Object {
            "fontSize": "116",
            "lineHeight": "124",
          },
        },
        "foolscap": Object {
          "groupA": Object {
            "fontSize": "32",
            "lineHeight": "36",
          },
          "groupB": Object {
            "fontSize": "40",
            "lineHeight": "44",
          },
          "groupD": Object {
            "fontSize": "56",
            "lineHeight": "60",
          },
        },
        "greatPrimer": Object {
          "groupA": Object {
            "fontSize": "18",
            "lineHeight": "22",
          },
          "groupB": Object {
            "fontSize": "18",
            "lineHeight": "22",
          },
          "groupD": Object {
            "fontSize": "20",
            "lineHeight": "24",
          },
        },
        "imperial": Object {
          "groupA": Object {
            "fontSize": "50",
            "lineHeight": "54",
          },
          "groupB": Object {
            "fontSize": "64",
            "lineHeight": "72",
          },
          "groupD": Object {
            "fontSize": "96",
            "lineHeight": "104",
          },
        },
        "longPrimer": Object {
          "groupA": Object {
            "fontSize": "15",
            "lineHeight": "18",
          },
          "groupB": Object {
            "fontSize": "15",
            "lineHeight": "18",
          },
          "groupD": Object {
            "fontSize": "14",
            "lineHeight": "18",
          },
        },
        "minion": Object {
          "groupA": Object {
            "fontSize": "12",
            "lineHeight": "16",
          },
          "groupB": Object {
            "fontSize": "12",
            "lineHeight": "16",
          },
          "groupD": Object {
            "fontSize": "12",
            "lineHeight": "16",
          },
        },
        "paragon": Object {
          "groupA": Object {
            "fontSize": "20",
            "lineHeight": "24",
          },
          "groupB": Object {
            "fontSize": "22",
            "lineHeight": "26",
          },
          "groupD": Object {
            "fontSize": "28",
            "lineHeight": "32",
          },
        },
        "pica": Object {
          "groupA": Object {
            "fontSize": "15",
            "lineHeight": "20",
          },
          "groupB": Object {
            "fontSize": "16",
            "lineHeight": "20",
          },
          "groupD": Object {
            "fontSize": "16",
            "lineHeight": "20",
          },
        },
        "royal": Object {
          "groupA": Object {
            "fontSize": "40",
            "lineHeight": "44",
          },
          "groupB": Object {
            "fontSize": "52",
            "lineHeight": "60",
          },
          "groupD": Object {
            "fontSize": "76",
            "lineHeight": "84",
          },
        },
        "trafalgar": Object {
          "groupA": Object {
            "fontSize": "20",
            "lineHeight": "24",
          },
          "groupB": Object {
            "fontSize": "24",
            "lineHeight": "28",
          },
          "groupD": Object {
            "fontSize": "32",
            "lineHeight": "36",
          },
        },
      }
    }
  >
    Top Stories
  </SectionLabel>
  <StoryPromoUl>
    <StoryPromoLi>
      <StoryPromo
        item={
          Object {
            "headlines": Object {
              "headline": "Top Story 1 headline",
            },
            "id": "urn:bbc:ares::asset:igbo/testasset-00000001",
            "indexImage": Object {
              "altText": "Image Alt text 1",
              "copyrightHolder": "Image provider 1",
              "height": 1152,
              "path": "/cpsprodpb/0A06/production/image.jpg",
              "width": 2048,
            },
            "locators": Object {
              "assetUri": "https://www.bbc.co.uk",
            },
            "summary": "Summary text 1",
            "timestamp": 1557738768,
          }
        }
        script={
          Object {
            "atlas": Object {
              "groupA": Object {
                "fontSize": "78",
                "lineHeight": "84",
              },
              "groupB": Object {
                "fontSize": "96",
                "lineHeight": "104",
              },
              "groupD": Object {
                "fontSize": "140",
                "lineHeight": "148",
              },
            },
            "bodyCopy": Object {
              "groupA": Object {
                "fontSize": "15",
                "lineHeight": "20",
              },
              "groupB": Object {
                "fontSize": "16",
                "lineHeight": "22",
              },
              "groupD": Object {
                "fontSize": "16",
                "lineHeight": "22",
              },
            },
            "brevier": Object {
              "groupA": Object {
                "fontSize": "14",
                "lineHeight": "16",
              },
              "groupB": Object {
                "fontSize": "14",
                "lineHeight": "18",
              },
              "groupD": Object {
                "fontSize": "13",
                "lineHeight": "16",
              },
            },
            "canon": Object {
              "groupA": Object {
                "fontSize": "28",
                "lineHeight": "32",
              },
              "groupB": Object {
                "fontSize": "32",
                "lineHeight": "36",
              },
              "groupD": Object {
                "fontSize": "44",
                "lineHeight": "48",
              },
            },
            "doublePica": Object {
              "groupA": Object {
                "fontSize": "20",
                "lineHeight": "24",
              },
              "groupB": Object {
                "fontSize": "20",
                "lineHeight": "24",
              },
              "groupD": Object {
                "fontSize": "24",
                "lineHeight": "28",
              },
            },
            "elephant": Object {
              "groupA": Object {
                "fontSize": "60",
                "lineHeight": "64",
              },
              "groupB": Object {
                "fontSize": "78",
                "lineHeight": "84",
              },
              "groupD": Object {
                "fontSize": "116",
                "lineHeight": "124",
              },
            },
            "foolscap": Object {
              "groupA": Object {
                "fontSize": "32",
                "lineHeight": "36",
              },
              "groupB": Object {
                "fontSize": "40",
                "lineHeight": "44",
              },
              "groupD": Object {
                "fontSize": "56",
                "lineHeight": "60",
              },
            },
            "greatPrimer": Object {
              "groupA": Object {
                "fontSize": "18",
                "lineHeight": "22",
              },
              "groupB": Object {
                "fontSize": "18",
                "lineHeight": "22",
              },
              "groupD": Object {
                "fontSize": "20",
                "lineHeight": "24",
              },
            },
            "imperial": Object {
              "groupA": Object {
                "fontSize": "50",
                "lineHeight": "54",
              },
              "groupB": Object {
                "fontSize": "64",
                "lineHeight": "72",
              },
              "groupD": Object {
                "fontSize": "96",
                "lineHeight": "104",
              },
            },
            "longPrimer": Object {
              "groupA": Object {
                "fontSize": "15",
                "lineHeight": "18",
              },
              "groupB": Object {
                "fontSize": "15",
                "lineHeight": "18",
              },
              "groupD": Object {
                "fontSize": "14",
                "lineHeight": "18",
              },
            },
            "minion": Object {
              "groupA": Object {
                "fontSize": "12",
                "lineHeight": "16",
              },
              "groupB": Object {
                "fontSize": "12",
                "lineHeight": "16",
              },
              "groupD": Object {
                "fontSize": "12",
                "lineHeight": "16",
              },
            },
            "paragon": Object {
              "groupA": Object {
                "fontSize": "20",
                "lineHeight": "24",
              },
              "groupB": Object {
                "fontSize": "22",
                "lineHeight": "26",
              },
              "groupD": Object {
                "fontSize": "28",
                "lineHeight": "32",
              },
            },
            "pica": Object {
              "groupA": Object {
                "fontSize": "15",
                "lineHeight": "20",
              },
              "groupB": Object {
                "fontSize": "16",
                "lineHeight": "20",
              },
              "groupD": Object {
                "fontSize": "16",
                "lineHeight": "20",
              },
            },
            "royal": Object {
              "groupA": Object {
                "fontSize": "40",
                "lineHeight": "44",
              },
              "groupB": Object {
                "fontSize": "52",
                "lineHeight": "60",
              },
              "groupD": Object {
                "fontSize": "76",
                "lineHeight": "84",
              },
            },
            "trafalgar": Object {
              "groupA": Object {
                "fontSize": "20",
                "lineHeight": "24",
              },
              "groupB": Object {
                "fontSize": "24",
                "lineHeight": "28",
              },
              "groupD": Object {
                "fontSize": "32",
                "lineHeight": "36",
              },
            },
          }
        }
      />
    </StoryPromoLi>
    <StoryPromoLi>
      <StoryPromo
        item={
          Object {
            "headlines": Object {
              "headline": "Top Story 2 headline",
            },
            "id": "urn:bbc:ares::asset:igbo/testasset-00000002",
            "indexImage": Object {
              "altText": "Image Alt text 2",
              "copyrightHolder": "Image provider 2",
              "height": 1152,
              "path": "/cpsprodpb/0A06/production/image.jpg",
              "width": 2048,
            },
            "locators": Object {
              "assetUri": "https://www.bbc.co.uk",
            },
            "summary": "Summary text 2",
            "timestamp": 1557738768,
          }
        }
        script={
          Object {
            "atlas": Object {
              "groupA": Object {
                "fontSize": "78",
                "lineHeight": "84",
              },
              "groupB": Object {
                "fontSize": "96",
                "lineHeight": "104",
              },
              "groupD": Object {
                "fontSize": "140",
                "lineHeight": "148",
              },
            },
            "bodyCopy": Object {
              "groupA": Object {
                "fontSize": "15",
                "lineHeight": "20",
              },
              "groupB": Object {
                "fontSize": "16",
                "lineHeight": "22",
              },
              "groupD": Object {
                "fontSize": "16",
                "lineHeight": "22",
              },
            },
            "brevier": Object {
              "groupA": Object {
                "fontSize": "14",
                "lineHeight": "16",
              },
              "groupB": Object {
                "fontSize": "14",
                "lineHeight": "18",
              },
              "groupD": Object {
                "fontSize": "13",
                "lineHeight": "16",
              },
            },
            "canon": Object {
              "groupA": Object {
                "fontSize": "28",
                "lineHeight": "32",
              },
              "groupB": Object {
                "fontSize": "32",
                "lineHeight": "36",
              },
              "groupD": Object {
                "fontSize": "44",
                "lineHeight": "48",
              },
            },
            "doublePica": Object {
              "groupA": Object {
                "fontSize": "20",
                "lineHeight": "24",
              },
              "groupB": Object {
                "fontSize": "20",
                "lineHeight": "24",
              },
              "groupD": Object {
                "fontSize": "24",
                "lineHeight": "28",
              },
            },
            "elephant": Object {
              "groupA": Object {
                "fontSize": "60",
                "lineHeight": "64",
              },
              "groupB": Object {
                "fontSize": "78",
                "lineHeight": "84",
              },
              "groupD": Object {
                "fontSize": "116",
                "lineHeight": "124",
              },
            },
            "foolscap": Object {
              "groupA": Object {
                "fontSize": "32",
                "lineHeight": "36",
              },
              "groupB": Object {
                "fontSize": "40",
                "lineHeight": "44",
              },
              "groupD": Object {
                "fontSize": "56",
                "lineHeight": "60",
              },
            },
            "greatPrimer": Object {
              "groupA": Object {
                "fontSize": "18",
                "lineHeight": "22",
              },
              "groupB": Object {
                "fontSize": "18",
                "lineHeight": "22",
              },
              "groupD": Object {
                "fontSize": "20",
                "lineHeight": "24",
              },
            },
            "imperial": Object {
              "groupA": Object {
                "fontSize": "50",
                "lineHeight": "54",
              },
              "groupB": Object {
                "fontSize": "64",
                "lineHeight": "72",
              },
              "groupD": Object {
                "fontSize": "96",
                "lineHeight": "104",
              },
            },
            "longPrimer": Object {
              "groupA": Object {
                "fontSize": "15",
                "lineHeight": "18",
              },
              "groupB": Object {
                "fontSize": "15",
                "lineHeight": "18",
              },
              "groupD": Object {
                "fontSize": "14",
                "lineHeight": "18",
              },
            },
            "minion": Object {
              "groupA": Object {
                "fontSize": "12",
                "lineHeight": "16",
              },
              "groupB": Object {
                "fontSize": "12",
                "lineHeight": "16",
              },
              "groupD": Object {
                "fontSize": "12",
                "lineHeight": "16",
              },
            },
            "paragon": Object {
              "groupA": Object {
                "fontSize": "20",
                "lineHeight": "24",
              },
              "groupB": Object {
                "fontSize": "22",
                "lineHeight": "26",
              },
              "groupD": Object {
                "fontSize": "28",
                "lineHeight": "32",
              },
            },
            "pica": Object {
              "groupA": Object {
                "fontSize": "15",
                "lineHeight": "20",
              },
              "groupB": Object {
                "fontSize": "16",
                "lineHeight": "20",
              },
              "groupD": Object {
                "fontSize": "16",
                "lineHeight": "20",
              },
            },
            "royal": Object {
              "groupA": Object {
                "fontSize": "40",
                "lineHeight": "44",
              },
              "groupB": Object {
                "fontSize": "52",
                "lineHeight": "60",
              },
              "groupD": Object {
                "fontSize": "76",
                "lineHeight": "84",
              },
            },
            "trafalgar": Object {
              "groupA": Object {
                "fontSize": "20",
                "lineHeight": "24",
              },
              "groupB": Object {
                "fontSize": "24",
                "lineHeight": "28",
              },
              "groupD": Object {
                "fontSize": "32",
                "lineHeight": "36",
              },
            },
          }
        }
      />
    </StoryPromoLi>
  </StoryPromoUl>
</section>
`;

exports[`FrontPageSection Container snapshots should render without a bar 1`] = `
<section
  aria-labelledby="Top-Stories"
  role="region"
>
  <SectionLabel
    bar={false}
    dir="ltr"
    labelId="Top-Stories"
    script={
      Object {
        "atlas": Object {
          "groupA": Object {
            "fontSize": "78",
            "lineHeight": "84",
          },
          "groupB": Object {
            "fontSize": "96",
            "lineHeight": "104",
          },
          "groupD": Object {
            "fontSize": "140",
            "lineHeight": "148",
          },
        },
        "bodyCopy": Object {
          "groupA": Object {
            "fontSize": "15",
            "lineHeight": "20",
          },
          "groupB": Object {
            "fontSize": "16",
            "lineHeight": "22",
          },
          "groupD": Object {
            "fontSize": "16",
            "lineHeight": "22",
          },
        },
        "brevier": Object {
          "groupA": Object {
            "fontSize": "14",
            "lineHeight": "16",
          },
          "groupB": Object {
            "fontSize": "14",
            "lineHeight": "18",
          },
          "groupD": Object {
            "fontSize": "13",
            "lineHeight": "16",
          },
        },
        "canon": Object {
          "groupA": Object {
            "fontSize": "28",
            "lineHeight": "32",
          },
          "groupB": Object {
            "fontSize": "32",
            "lineHeight": "36",
          },
          "groupD": Object {
            "fontSize": "44",
            "lineHeight": "48",
          },
        },
        "doublePica": Object {
          "groupA": Object {
            "fontSize": "20",
            "lineHeight": "24",
          },
          "groupB": Object {
            "fontSize": "20",
            "lineHeight": "24",
          },
          "groupD": Object {
            "fontSize": "24",
            "lineHeight": "28",
          },
        },
        "elephant": Object {
          "groupA": Object {
            "fontSize": "60",
            "lineHeight": "64",
          },
          "groupB": Object {
            "fontSize": "78",
            "lineHeight": "84",
          },
          "groupD": Object {
            "fontSize": "116",
            "lineHeight": "124",
          },
        },
        "foolscap": Object {
          "groupA": Object {
            "fontSize": "32",
            "lineHeight": "36",
          },
          "groupB": Object {
            "fontSize": "40",
            "lineHeight": "44",
          },
          "groupD": Object {
            "fontSize": "56",
            "lineHeight": "60",
          },
        },
        "greatPrimer": Object {
          "groupA": Object {
            "fontSize": "18",
            "lineHeight": "22",
          },
          "groupB": Object {
            "fontSize": "18",
            "lineHeight": "22",
          },
          "groupD": Object {
            "fontSize": "20",
            "lineHeight": "24",
          },
        },
        "imperial": Object {
          "groupA": Object {
            "fontSize": "50",
            "lineHeight": "54",
          },
          "groupB": Object {
            "fontSize": "64",
            "lineHeight": "72",
          },
          "groupD": Object {
            "fontSize": "96",
            "lineHeight": "104",
          },
        },
        "longPrimer": Object {
          "groupA": Object {
            "fontSize": "15",
            "lineHeight": "18",
          },
          "groupB": Object {
            "fontSize": "15",
            "lineHeight": "18",
          },
          "groupD": Object {
            "fontSize": "14",
            "lineHeight": "18",
          },
        },
        "minion": Object {
          "groupA": Object {
            "fontSize": "12",
            "lineHeight": "16",
          },
          "groupB": Object {
            "fontSize": "12",
            "lineHeight": "16",
          },
          "groupD": Object {
            "fontSize": "12",
            "lineHeight": "16",
          },
        },
        "paragon": Object {
          "groupA": Object {
            "fontSize": "20",
            "lineHeight": "24",
          },
          "groupB": Object {
            "fontSize": "22",
            "lineHeight": "26",
          },
          "groupD": Object {
            "fontSize": "28",
            "lineHeight": "32",
          },
        },
        "pica": Object {
          "groupA": Object {
            "fontSize": "15",
            "lineHeight": "20",
          },
          "groupB": Object {
            "fontSize": "16",
            "lineHeight": "20",
          },
          "groupD": Object {
            "fontSize": "16",
            "lineHeight": "20",
          },
        },
        "royal": Object {
          "groupA": Object {
            "fontSize": "40",
            "lineHeight": "44",
          },
          "groupB": Object {
            "fontSize": "52",
            "lineHeight": "60",
          },
          "groupD": Object {
            "fontSize": "76",
            "lineHeight": "84",
          },
        },
        "trafalgar": Object {
          "groupA": Object {
            "fontSize": "20",
            "lineHeight": "24",
          },
          "groupB": Object {
            "fontSize": "24",
            "lineHeight": "28",
          },
          "groupD": Object {
            "fontSize": "32",
            "lineHeight": "36",
          },
        },
      }
    }
  >
    Top Stories
  </SectionLabel>
  <StoryPromoUl>
    <StoryPromoLi>
      <StoryPromo
        item={
          Object {
            "headlines": Object {
              "headline": "Top Story 1 headline",
            },
            "id": "urn:bbc:ares::asset:igbo/testasset-00000001",
            "indexImage": Object {
              "altText": "Image Alt text 1",
              "copyrightHolder": "Image provider 1",
              "height": 1152,
              "path": "/cpsprodpb/0A06/production/image.jpg",
              "width": 2048,
            },
            "locators": Object {
              "assetUri": "https://www.bbc.co.uk",
            },
            "summary": "Summary text 1",
            "timestamp": 1557738768,
          }
        }
        script={
          Object {
            "atlas": Object {
              "groupA": Object {
                "fontSize": "78",
                "lineHeight": "84",
              },
              "groupB": Object {
                "fontSize": "96",
                "lineHeight": "104",
              },
              "groupD": Object {
                "fontSize": "140",
                "lineHeight": "148",
              },
            },
            "bodyCopy": Object {
              "groupA": Object {
                "fontSize": "15",
                "lineHeight": "20",
              },
              "groupB": Object {
                "fontSize": "16",
                "lineHeight": "22",
              },
              "groupD": Object {
                "fontSize": "16",
                "lineHeight": "22",
              },
            },
            "brevier": Object {
              "groupA": Object {
                "fontSize": "14",
                "lineHeight": "16",
              },
              "groupB": Object {
                "fontSize": "14",
                "lineHeight": "18",
              },
              "groupD": Object {
                "fontSize": "13",
                "lineHeight": "16",
              },
            },
            "canon": Object {
              "groupA": Object {
                "fontSize": "28",
                "lineHeight": "32",
              },
              "groupB": Object {
                "fontSize": "32",
                "lineHeight": "36",
              },
              "groupD": Object {
                "fontSize": "44",
                "lineHeight": "48",
              },
            },
            "doublePica": Object {
              "groupA": Object {
                "fontSize": "20",
                "lineHeight": "24",
              },
              "groupB": Object {
                "fontSize": "20",
                "lineHeight": "24",
              },
              "groupD": Object {
                "fontSize": "24",
                "lineHeight": "28",
              },
            },
            "elephant": Object {
              "groupA": Object {
                "fontSize": "60",
                "lineHeight": "64",
              },
              "groupB": Object {
                "fontSize": "78",
                "lineHeight": "84",
              },
              "groupD": Object {
                "fontSize": "116",
                "lineHeight": "124",
              },
            },
            "foolscap": Object {
              "groupA": Object {
                "fontSize": "32",
                "lineHeight": "36",
              },
              "groupB": Object {
                "fontSize": "40",
                "lineHeight": "44",
              },
              "groupD": Object {
                "fontSize": "56",
                "lineHeight": "60",
              },
            },
            "greatPrimer": Object {
              "groupA": Object {
                "fontSize": "18",
                "lineHeight": "22",
              },
              "groupB": Object {
                "fontSize": "18",
                "lineHeight": "22",
              },
              "groupD": Object {
                "fontSize": "20",
                "lineHeight": "24",
              },
            },
            "imperial": Object {
              "groupA": Object {
                "fontSize": "50",
                "lineHeight": "54",
              },
              "groupB": Object {
                "fontSize": "64",
                "lineHeight": "72",
              },
              "groupD": Object {
                "fontSize": "96",
                "lineHeight": "104",
              },
            },
            "longPrimer": Object {
              "groupA": Object {
                "fontSize": "15",
                "lineHeight": "18",
              },
              "groupB": Object {
                "fontSize": "15",
                "lineHeight": "18",
              },
              "groupD": Object {
                "fontSize": "14",
                "lineHeight": "18",
              },
            },
            "minion": Object {
              "groupA": Object {
                "fontSize": "12",
                "lineHeight": "16",
              },
              "groupB": Object {
                "fontSize": "12",
                "lineHeight": "16",
              },
              "groupD": Object {
                "fontSize": "12",
                "lineHeight": "16",
              },
            },
            "paragon": Object {
              "groupA": Object {
                "fontSize": "20",
                "lineHeight": "24",
              },
              "groupB": Object {
                "fontSize": "22",
                "lineHeight": "26",
              },
              "groupD": Object {
                "fontSize": "28",
                "lineHeight": "32",
              },
            },
            "pica": Object {
              "groupA": Object {
                "fontSize": "15",
                "lineHeight": "20",
              },
              "groupB": Object {
                "fontSize": "16",
                "lineHeight": "20",
              },
              "groupD": Object {
                "fontSize": "16",
                "lineHeight": "20",
              },
            },
            "royal": Object {
              "groupA": Object {
                "fontSize": "40",
                "lineHeight": "44",
              },
              "groupB": Object {
                "fontSize": "52",
                "lineHeight": "60",
              },
              "groupD": Object {
                "fontSize": "76",
                "lineHeight": "84",
              },
            },
            "trafalgar": Object {
              "groupA": Object {
                "fontSize": "20",
                "lineHeight": "24",
              },
              "groupB": Object {
                "fontSize": "24",
                "lineHeight": "28",
              },
              "groupD": Object {
                "fontSize": "32",
                "lineHeight": "36",
              },
            },
          }
        }
      />
    </StoryPromoLi>
    <StoryPromoLi>
      <StoryPromo
        item={
          Object {
            "headlines": Object {
              "headline": "Top Story 2 headline",
            },
            "id": "urn:bbc:ares::asset:igbo/testasset-00000002",
            "indexImage": Object {
              "altText": "Image Alt text 2",
              "copyrightHolder": "Image provider 2",
              "height": 1152,
              "path": "/cpsprodpb/0A06/production/image.jpg",
              "width": 2048,
            },
            "locators": Object {
              "assetUri": "https://www.bbc.co.uk",
            },
            "summary": "Summary text 2",
            "timestamp": 1557738768,
          }
        }
        script={
          Object {
            "atlas": Object {
              "groupA": Object {
                "fontSize": "78",
                "lineHeight": "84",
              },
              "groupB": Object {
                "fontSize": "96",
                "lineHeight": "104",
              },
              "groupD": Object {
                "fontSize": "140",
                "lineHeight": "148",
              },
            },
            "bodyCopy": Object {
              "groupA": Object {
                "fontSize": "15",
                "lineHeight": "20",
              },
              "groupB": Object {
                "fontSize": "16",
                "lineHeight": "22",
              },
              "groupD": Object {
                "fontSize": "16",
                "lineHeight": "22",
              },
            },
            "brevier": Object {
              "groupA": Object {
                "fontSize": "14",
                "lineHeight": "16",
              },
              "groupB": Object {
                "fontSize": "14",
                "lineHeight": "18",
              },
              "groupD": Object {
                "fontSize": "13",
                "lineHeight": "16",
              },
            },
            "canon": Object {
              "groupA": Object {
                "fontSize": "28",
                "lineHeight": "32",
              },
              "groupB": Object {
                "fontSize": "32",
                "lineHeight": "36",
              },
              "groupD": Object {
                "fontSize": "44",
                "lineHeight": "48",
              },
            },
            "doublePica": Object {
              "groupA": Object {
                "fontSize": "20",
                "lineHeight": "24",
              },
              "groupB": Object {
                "fontSize": "20",
                "lineHeight": "24",
              },
              "groupD": Object {
                "fontSize": "24",
                "lineHeight": "28",
              },
            },
            "elephant": Object {
              "groupA": Object {
                "fontSize": "60",
                "lineHeight": "64",
              },
              "groupB": Object {
                "fontSize": "78",
                "lineHeight": "84",
              },
              "groupD": Object {
                "fontSize": "116",
                "lineHeight": "124",
              },
            },
            "foolscap": Object {
              "groupA": Object {
                "fontSize": "32",
                "lineHeight": "36",
              },
              "groupB": Object {
                "fontSize": "40",
                "lineHeight": "44",
              },
              "groupD": Object {
                "fontSize": "56",
                "lineHeight": "60",
              },
            },
            "greatPrimer": Object {
              "groupA": Object {
                "fontSize": "18",
                "lineHeight": "22",
              },
              "groupB": Object {
                "fontSize": "18",
                "lineHeight": "22",
              },
              "groupD": Object {
                "fontSize": "20",
                "lineHeight": "24",
              },
            },
            "imperial": Object {
              "groupA": Object {
                "fontSize": "50",
                "lineHeight": "54",
              },
              "groupB": Object {
                "fontSize": "64",
                "lineHeight": "72",
              },
              "groupD": Object {
                "fontSize": "96",
                "lineHeight": "104",
              },
            },
            "longPrimer": Object {
              "groupA": Object {
                "fontSize": "15",
                "lineHeight": "18",
              },
              "groupB": Object {
                "fontSize": "15",
                "lineHeight": "18",
              },
              "groupD": Object {
                "fontSize": "14",
                "lineHeight": "18",
              },
            },
            "minion": Object {
              "groupA": Object {
                "fontSize": "12",
                "lineHeight": "16",
              },
              "groupB": Object {
                "fontSize": "12",
                "lineHeight": "16",
              },
              "groupD": Object {
                "fontSize": "12",
                "lineHeight": "16",
              },
            },
            "paragon": Object {
              "groupA": Object {
                "fontSize": "20",
                "lineHeight": "24",
              },
              "groupB": Object {
                "fontSize": "22",
                "lineHeight": "26",
              },
              "groupD": Object {
                "fontSize": "28",
                "lineHeight": "32",
              },
            },
            "pica": Object {
              "groupA": Object {
                "fontSize": "15",
                "lineHeight": "20",
              },
              "groupB": Object {
                "fontSize": "16",
                "lineHeight": "20",
              },
              "groupD": Object {
                "fontSize": "16",
                "lineHeight": "20",
              },
            },
            "royal": Object {
              "groupA": Object {
                "fontSize": "40",
                "lineHeight": "44",
              },
              "groupB": Object {
                "fontSize": "52",
                "lineHeight": "60",
              },
              "groupD": Object {
                "fontSize": "76",
                "lineHeight": "84",
              },
            },
            "trafalgar": Object {
              "groupA": Object {
                "fontSize": "20",
                "lineHeight": "24",
              },
              "groupB": Object {
                "fontSize": "24",
                "lineHeight": "28",
              },
              "groupD": Object {
                "fontSize": "32",
                "lineHeight": "36",
              },
            },
          }
        }
      />
    </StoryPromoLi>
  </StoryPromoUl>
</section>
`;
